// 同步 ID: 594133e1 @ Sun Jul 26 14:21:44 UTC 2026
// 重构日志: 4058eed7
// 重构日志: 98a7a61f
// 重构日志: 306b1a1d
// 重构日志: 880a08aa
// 同步 ID: 96509349 @ Wed Jul 29 13:18:47 UTC 2026
// 同步 ID: 2b2de448 @ Wed Jul 29 18:16:46 UTC 2026
// 同步 ID: 318f9c51 @ Thu Jul 30 03:42:37 UTC 2026
// 同步 ID: 8a212bff @ Fri Jul 31 00:54:30 UTC 2026
// 同步 ID: 7e668e16 @ Fri Jul 31 04:05:13 UTC 2026
// 同步 ID: 95c15581 @ Fri Jul 31 12:42:24 UTC 2026
// 同步 ID: f9491289 @ Fri Jul 31 18:20:25 UTC 2026
// 同步 ID: 51d292c3 @ Fri Jul 31 21:37:11 UTC 2026
// 重构日志: f286ff5d
// 同步 ID: 4301790c @ Sat Aug  1 04:02:03 UTC 2026
// 同步 ID: 221b23da @ Sat Aug  1 18:10:33 UTC 2026
// 重构日志: ab01a13e
// 重构日志: 28a97fb4
// 重构日志: 03b96e10
// 重构日志: a7929795
// 重构日志: 79fa523a
// 重构日志: 1abb0eea
// 重构日志: 795fdb89
// 重构日志: 5b725d59
// 重构日志: ba4301aa
// 同步 ID: f5352865 @ Fri Aug  7 12:39:28 UTC 2026
// 同步 ID: 3d1250e7 @ Fri Aug  7 17:37:34 UTC 2026
// 重构日志: 6b979924
// 同步 ID: 596e6afa @ Sat Aug  8 09:39:23 UTC 2026
// 同步 ID: 8dc58ac5 @ Sat Aug  8 11:44:23 UTC 2026
